Author: Hyun Yi @hyuunnn
Description: A program was deleted
EventId: 1034
Channel: "Application"
Provider: "MsiInstaller"
Maps:
  -
    Property: PayloadData1
    PropertyValue: "Name, Version, Lang, Status, Manufacturer: %Data%"
    Values:
      -
        Name: Data
        Value: "/Event/EventData/Data"

# Documentation:
# https://kb.eventtracker.com/evtpass/evtpages/EventId_1034_MsiInstaller_63315.asp
#
# Example Event Data:
# <Event xmlns="http://schemas.microsoft.com/win/2004/08/events/event">
#   <System>
#     <Provider Name="MsiInstaller" />
#     <EventID Qualifiers="0">1034</EventID>
#     <Version>0</Version>
#     <Level>4</Level>
#     <Task>0</Task>
#     <Opcode>0</Opcode>
#     <Keywords>0x80000000000000</Keywords>
#     <TimeCreated SystemTime="2020-11-05T03:26:56.4068138Z" />
#     <EventRecordID>10062</EventRecordID>
#     <Correlation />
#     <Execution ProcessID="0" ThreadID="0" />
#     <Channel>Application</Channel>
#     <Computer>ComputerName</Computer>
#     <Security UserID="{UserID}" />
#   </System>
#   <EventData>
#     <Data>AccessData FTK Imager</Data>
#     <Data>4.5.0.3</Data>
#     <Data>1033</Data>
#     <Data>0</Data>
#     <Data>AccessData</Data>
#     <Data>(NULL)</Data>
#     <Data />
#     <Binary>{Binary}</Binary>
#   </EventData>
# </Event>
