Author: Mike Stewart mstew1968@gmail.com
Description: HitmanPro ALERT Identified
EventId: 911
Channel: Application
Maps: 
  - 
    Property: PayloadData1
    PropertyValue: "Event: %Data%"
    Values: 
      - 
        Name: Data
        Value: "/Event/EventData/Data"

        
# Valid properties include:
# UserName
# RemoteHost
# ExecutableInfo --> used for things like process command line, scheduled task, info from service install, etc.
# PayloadData1 through PayloadData6

#<Event>
#  <System>
#    <Provider Name="HitmanPro.Alert" />
#    <EventID Qualifiers="0">911</EventID>
#    <Level>4</Level>
#    <Task>9</Task>
#    <Keywords>0x80000000000000</Keywords>
#    <TimeCreated SystemTime="2020-05-01 11:08:00.9085069" />
#    <EventRecordID>13298</EventRecordID>
#    <Channel>Application</Channel>
#    <Computer>HostName.Domain.local</Computer>
#    <Security />
#  </System>
#  <EventData>
#    <Data>111.111.111.111, CryptoGuard, Auto-unblock 111.111.111.111</Data>
#    <Binary></Binary>
#  </EventData>
#</Event>
#<Event>