Author: Hyun Yi @hyuunnn
Description: A program was installed
EventId: 1033
Channel: "Application"
Provider: "MsiInstaller"
Maps:
  -
    Property: PayloadData1
    PropertyValue: "Name, Version, Lang, Status, Manufacturer: %Data%"
    Values:
      -
        Name: Data
        Value: "/Event/EventData/Data"

# Documentation:
# https://kb.eventtracker.com/evtpass/evtpages/EventId_1033_MsiInstaller_63308.asp
#
# Example Event Data:
# <Event xmlns="http://schemas.microsoft.com/win/2004/08/events/event">
#   <System>
#     <Provider Name="MsiInstaller" />
#     <EventID Qualifiers="0">1033</EventID>
#     <Version>0</Version>
#     <Level>4</Level>
#     <Task>0</Task>
#     <Opcode>0</Opcode>
#     <Keywords>0x80000000000000</Keywords>
#     <TimeCreated SystemTime="2020-11-29T19:30:51.7375522Z" />
#     <EventRecordID>18388</EventRecordID>
#     <Correlation />
#     <Execution ProcessID="0" ThreadID="0" />
#     <Channel>Application</Channel>
#     <Computer>ComputerName</Computer>
#     <Security UserID="{UserID}" />
#   </System>
#   <EventData>
#     <Data>Python 3.9.0 Utility Scripts (64-bit)</Data>
#     <Data>3.9.150.0</Data>
#     <Data>1033</Data>
#     <Data>0</Data>
#     <Data>Python Software Foundation</Data>
#     <Data>(NULL)</Data>
#     <Data />
#     <Binary>{Binary}</Binary>
#   </EventData>
# </Event>
