Author: Andrew Rathbun
Description: CreateRemoteThread
EventId: 8
Channel: Microsoft-Windows-Sysmon/Operational
Maps: 
  - 
    Property: PayloadData1
    PropertyValue: "StartAddress: %StartAddress%"
    Values: 
      - 
        Name: StartAddress
        Value: "/Event/EventData/Data[@Name=\"StartAddress\"]"
  - 
    Property: PayloadData2
    PropertyValue: "RuleName: %RuleName%"
    Values: 
      - 
        Name: RuleName
        Value: "/Event/EventData/Data[@Name=\"RuleName\"]"
  - 
    Property: PayloadData3
    PropertyValue: "SourceProcessID: %SourceProcessID%, SourceProcessGUID: %SourceProcessGUID%"
    Values: 
      - 
        Name: SourceProcessGUID
        Value: "/Event/EventData/Data[@Name=\"SourceProcessGuid\"]"
      - 
        Name: SourceProcessID
        Value: "/Event/EventData/Data[@Name=\"SourceProcessId\"]"
  - 
    Property: PayloadData4
    PropertyValue: "SourceImage: %SourceImage%"
    Values: 
      - 
        Name: SourceImage
        Value: "/Event/EventData/Data[@Name=\"SourceImage\"]"
  - 
    Property: PayloadData5
    PropertyValue: "TargetProcessID: %TargetProcessID%, TargetProcessGUID: %TargetProcessGUID%"
    Values: 
      - 
        Name: TargetProcessGUID
        Value: "/Event/EventData/Data[@Name=\"TargetProcessGuid\"]"
      - 
        Name: TargetProcessID
        Value: "/Event/EventData/Data[@Name=\"TargetProcessId\"]"
  - 
    Property: PayloadData6
    PropertyValue: "TargetImage: %TargetImage%"
    Values: 
      - 
        Name: TargetImage
        Value: "/Event/EventData/Data[@Name=\"TargetImage\"]"
        
# Valid properties include:
# UserName
# RemoteHost
# ExecutableInfo --> used for things like process command line, scheduled task, info from service install, etc.
# PayloadData1 through PayloadData6
# Hashes --> SHA1 of the Process that was created. Useful for running through VirusTotal if suspicious. 

#<Event>
#  <System>
#    <Provider Name="Service Control Manager" Guid="{555908d1-a6d7-4695-8e1e-26931d2012f4}" EventSourceName="Service Control Manager" />
#    <EventID Qualifiers="16384">7045</EventID>
#    <Version>0</Version>
#    <Level>4</Level>
#    <Task>0</Task>
#    <Opcode>0</Opcode>
#    <Keywords>0x8080000000000000</Keywords>
#    <TimeCreated SystemTime="2018-05-07 19:24:11.6922354" />
#    <EventRecordID>382</EventRecordID>
#    <Correlation />
#    <Execution ProcessID="620" ThreadID="1196" />
#    <Channel>System</Channel>
#    <Computer>win10-test</Computer>
#    <Security UserID="S-1-5-18" />
#  </System>
#  <EventData>
#    <Data Name="ServiceName">vmxnet3 NDIS 6 Ethernet Adapter Driver</Data>
#    <Data Name="ImagePath">\SystemRoot\System32\drivers\vmxnet3.sys</Data>
#    <Data Name="ServiceType">kernel mode driver</Data>
#    <Data Name="StartType">demand start</Data>
#    <Data Name="AccountName"></Data>
#  </EventData>
#</Event>
#
# https://docs.microsoft.com/en-us/sysinternals/downloads/sysmon for more information