Author: Gabriele Zambelli @gazambelli
Description: The RDP client has established a multi-transport connection to the server
EventId: 1103
Channel: Microsoft-Windows-TerminalServices-RDPClient/Operational
Provider: Microsoft-Windows-TerminalServices-ClientActiveXCore
Maps:
  -
    Property: PayloadData6
    PropertyValue: "ActivityID: %ActivityID%"
    Values:
      -
        Name: ActivityID
        Value: "/Event/System/Correlation/@ActivityID"

# Documentation:
# https://cyber-tls.blogspot.com/2019/08/rdp.html
# https://social.technet.microsoft.com/wiki/contents/articles/37847.rdp-direct-connection-with-nla-remote-desktop-client-event-logs.aspx
# https://nullsec.us/windows-rdp-related-event-logs-the-client-side-of-the-story/
# https://github.com/nasbench/EVTX-ETW-Resources/blob/main/ETWProvidersCSVs/Internal/Microsoft-Windows-TerminalServices-ClientActiveXCore.csv
#
# Example Event Data:
# <Event>
# <System>
# <Provider Name="Microsoft-Windows-TerminalServices-ClientActiveXCore" Guid="28aa95bb-d444-4719-a36f-40462168127e" />
# <EventID>1103</EventID>
# <Version>0</Version>
# <Level>4</Level>
# <Task>101</Task>
# <Opcode>10</Opcode>
# <Keywords>0x4000000000000000</Keywords>
# <TimeCreated SystemTime="2020-11-28 10:17:20.4692527" />
# <EventRecordID>41</EventRecordID>
# <Correlation ActivityID="cd839c41-3564-4fb9-afdd-e4b3abba0000" />
# <Execution ProcessID="6640" ThreadID="6288" />
# <Channel>Microsoft-Windows-TerminalServices-RDPClient/Operational</Channel>
# <Computer>IEWIN7</Computer>
# <Security UserID="S-1-5-21-3583694148-1414552638-2922671848-1000" />
# </System>
# <EventData></EventData>
# </Event>
