Author: Mark Hallman mark.hallman@gmail.com
Description: Successful RDP Connections
EventId: 98
Channel: "Microsoft-Windows-RemoteDesktopServices-RdpCoreTS/Operational"
Provider: Microsoft-Windows-RemoteDesktopServices-RdpCoreTS
Maps:
  -
    Property: PayloadData1
    PropertyValue: "Path: %Path%"
    Values:
      -
        Name: Path
        Value: "/Event/EventData/Data[@Name=\"Path\"]"
  -
    Property: PayloadData2
    PropertyValue: "ScriptBlockText: %ScriptBlockText%"
    Values:
      -
        Name: ScriptBlockText
        Value: "/Event/EventData/Data[@Name=\"ScriptBlockText\"]"

# Documentation:
# https://frsecure.com/blog/rdp-connection-event-logs/
# https://github.com/nasbench/EVTX-ETW-Resources/blob/main/ETWProvidersCSVs/Internal/Microsoft-Windows-RemoteDesktopServices-RdpCoreTS.csv
#
# Example Event Data:
# <Event>
#  <System>
#    <Provider Name="Microsoft-Windows-RemoteDesktopServices-RdpCoreTS" Guid="1139c100-b549-4251-8ed3-27245a1edec8" />
#    <EventID>98</EventID>
#    <Version>0</Version>
#    <Level>4</Level>
#    <Task>4</Task>
#    <Opcode>15</Opcode>
#    <Keywords>0x4000200000000000</Keywords>
#    <TimeCreated SystemTime="2020-12-05 19:10:54.8614740" />
#    <EventRecordID>5907</EventRecordID>
#    <Correlation ActivityID="f4234505-ea71-4b80-98d9-e02753510679" />
#    <Execution ProcessID="1667" ThreadID="2128" />
#    <Channel>Microsoft-Windows-RemoteDesktopServices-RdpCoreTS/Operational</Channel>
#    <Computer>HOSTNAME</Computer>
#    <Security UserID="S-1-5-20" />
#  </System>
#  <EventData></EventData>
# </Event>
