Author: Eric Zimmerman saericzimmerman@gmail.com
Description: Scheduled Task executed
EventId: 200
Channel: "Microsoft-Windows-TaskScheduler/Operational"
Provider: Microsoft-Windows-TaskScheduler
Maps:
  -
    Property: PayloadData1
    PropertyValue: "Task: %TaskName%"
    Values:
      -
        Name: TaskName
        Value: "/Event/EventData/Data[@Name=\"TaskName\"]"
  -
    Property: ExecutableInfo
    PropertyValue: "%ActionName%"
    Values:
      -
        Name: ActionName
        Value: "/Event/EventData/Data[@Name=\"ActionName\"]"
  -
    Property: PayloadData2
    PropertyValue: "Instance Id: %TaskInstanceId%"
    Values:
      -
        Name: TaskInstanceId
        Value: "/Event/EventData/Data[@Name=\"TaskInstanceId\"]"

# Documentation:
# https://kb.eventtracker.com/evtpass/evtpages/EventId_200_Microsoft-Windows-TaskScheduler_66035.asp
# https://mnaoumov.wordpress.com/2014/05/15/task-scheduler-event-ids/
# https://github.com/nasbench/EVTX-ETW-Resources/blob/main/ETWProvidersCSVs/Internal/Microsoft-Windows-TaskScheduler.csv
#
# Example Event Data:
# <Event>
#   <System>
#     <Provider Name="Microsoft-Windows-TaskScheduler" Guid="de7b24ea-73c8-4a09-985d-5bdadcfa9017" />
#     <EventID>200</EventID>
#     <Version>1</Version>
#     <Level>4</Level>
#     <Task>200</Task>
#     <Opcode>1</Opcode>
#     <Keywords>0x8000000000000000</Keywords>
#     <TimeCreated SystemTime="2018-08-19 06:34:00.6419359" />
#     <EventRecordID>181931</EventRecordID>
#     <Correlation ActivityID="b4d1e103-abb2-4443-8640-7d7ed3692e7a" />
#     <Execution ProcessID="1484" ThreadID="13652" />
#     <Channel>Microsoft-Windows-TaskScheduler/Operational</Channel>
#     <Computer>base-rd-01.shieldbase.lan</Computer>
#     <Security UserID="S-1-5-18" />
#   </System>
#   <EventData Name="ActionStart">
#     <Data Name="TaskName">\{acd3ec78-8a26-430e-a368-f2941d85d3f8}</Data>
#     <Data Name="ActionName">Global\JD_TaskSchedulerSchedule_{9300FF5C-FBAB-4A99-8C99-7A6EE055DFDC}</Data>
#     <Data Name="TaskInstanceId">b4d1e103-abb2-4443-8640-7d7ed3692e7a</Data>
#     <Data Name="EnginePID">0</Data>
#   </EventData>
# </Event>
