Author: Andrew Rathbun
Description: User activity
EventId: 812
Channel: Microsoft-Windows-Winlogon/Operational
Provider: Microsoft-Windows-Winlogon
Maps:
  -
    Property: PayloadData1
    PropertyValue: "The winlogon notification subscriber <%SubscriberName%> finished handling the notification event (%Event%)"
    Values:
      -
        Name: Event
        Value: "/Event/EventData/Data[@Name=\"Event\"]"
      -
        Name: SubscriberName
        Value: "/Event/EventData/Data[@Name=\"SubscriberName\"]"
  -
    Property: PayloadData2
    PropertyValue: "Event: %Reason%"
    Values:
      -
        Name: Reason
        Value: "/Event/EventData/Data[@Name=\"Event\"]"

Lookups:
  -
    Name: Reason
    Default: Unknown code
    Values:
      2: User logon
      3: User logoff
      4: System lock
      5: System unlock
      6: Screensaver start
      7: Screensaver stop

# Documentation:
# https://nasbench.medium.com/finding-forensic-goodness-in-obscure-windows-event-logs-60e978ea45a3
# https://superuser.com/questions/1614690/how-to-find-when-a-user-is-started-and-ended-a-session-on-computer-based-on-wind
# https://github.com/repnz/etw-providers-docs/blob/master/Manifests-Win7-7600/Microsoft-Windows-Winlogon.xml
# https://github.com/nasbench/EVTX-ETW-Resources/blob/main/ETWProvidersCSVs/Internal/Microsoft-Windows-Winlogon.csv
#
# Example Event Data:
# <Event>
#   <System>
#     <Provider Name="Microsoft-Windows-Winlogon" Guid="dbe96793-7cf3-4331-91cc-a3abc6a3b538" />
#     <EventID>812</EventID>
#     <Version>0</Version>
#     <Level>4</Level>
#     <Task>811</Task>
#     <Opcode>2</Opcode>
#     <Keywords>0x4000000000010000</Keywords>
#     <TimeCreated SystemTime="2021-02-15 12:20:44.2553257" />
#     <EventRecordID>5177</EventRecordID>
#     <Correlation />
#     <Execution ProcessID="1496" ThreadID="1596" />
#     <Channel>Microsoft-Windows-Winlogon/Operational</Channel>
#     <Computer>HOSTNAME</Computer>
#     <Security UserID="S-1-5-21-250123456-2372827616-1567908901-1001" />
#   </System>
#   <EventData>
#     <Data Name="Event">5</Data>
#     <Data Name="SubscriberName">Sens</Data>
#   </EventData>
# </Event>
