Author: Mark Hallman mark.hallman@gmail.com
Description: Potential artifacts for Bitsadminexec
EventId: 59
Channel: Microsoft-Windows-Bits-Client/Operational
Provider: Microsoft-Windows-Bits-Client
Maps:
   -
    Property: PayloadData2
    PropertyValue: url "%url%"
    Values: 
      - 
        Name: url
        Value: "/Event/EventData/Data[@Name=\"url\"]"
   -
    Property: PayloadData3
    PropertyValue: peer "%peer%"
    Values: 
      - 
        Name: peer
        Value: "/Event/EventData/Data[@Name=\"peer\"]"     
   -
    Property: PayloadData4
    PropertyValue: fileLength "%fileLength%"
    Values: 
      - 
        Name: fileLength
        Value: "/Event/EventData/Data[@Name=\"fileLength\"]" 

# Valid properties include:
# UserName
# RemoteHost
# ExecutableInfo --> used for things like process command line, scheduled task, info from service install, etc.
# PayloadData1 through PayloadData6

# Example payload data
#<Event>
#  <System>
#    <Provider Name="Microsoft-Windows-Bits-Client" Guid="ef6y679b-46c1-414e-bb95-e76b077bd51e" />
#    <EventID>59</EventID>
#    <Version>1</Version>
#    <Level>4</Level>
#    <Task>0</Task>
#    <Opcode>1</Opcode>
#    <Keywords>0x4000900000000000</Keywords>
#    <TimeCreated SystemTime="2019-02-17 11:23:12.2815793" />
#    <EventRecordID>16907</EventRecordID>
#    <Correlation ActivityID="f56796f9-02a6-4bdf-9967-f21c8f1d4b54" />
#    <Execution ProcessID="679" ThreadID="2580" />
#    <Channel>Microsoft-Windows-Bits-Client/Operational</Channel>
#    <Computer>HOSTNAME.domain.com</Computer>
#    <Security UserID="S-1-5-18" />
#  </System>
#  <EventData>
#    <Data Name="transferId">f5e116f9-02a6-4bdf-9967-f21c8f1d4b54</Data>
#    <Data Name="name">name</Data>
#    <Data Name="Id">c29ef679-6c03-4644-992d-b7fe884e117b</Data>
#    <Data Name="url">URL</Data>
#    <Data Name="peer"></Data>
#    <Data Name="fileTime">2001-01-01 00:00:00.0000000</Data>
#    <Data Name="fileLength">679</Data>
#    <Data Name="bytesTotal">679</Data>
#    <Data Name="bytesTransferred">0</Data>
#    <Data Name="bytesTransferredFromPeer">0</Data>
#  </EventData>
#</Event>








