Author: Troy Larson
Description: Session (PayloadData1) has been disconnected by session (PayloadData2)
EventId: 39
Channel: Microsoft-Windows-TerminalServices-LocalSessionManager/Operational
Provider: Microsoft-Windows-TerminalServices-LocalSessionManager
Maps:
  -
    Property: PayloadData1
    PropertyValue: "TargetSession: %TargetSession%"
    Values:
      -
        Name: TargetSession
        Value: "/Event/UserData/EventXML/TargetSession"
  -
    Property: PayloadData2
    PropertyValue: "Source: %Source%"
    Values:
      -
        Name: Source
        Value: "/Event/UserData/EventXML/Source"

# Documentation:
# https://ponderthebits.com/2018/02/windows-rdp-related-event-logs-identification-tracking-and-investigation/
# https://github.com/nasbench/EVTX-ETW-Resources/blob/main/ETWProvidersCSVs/Internal/Microsoft-Windows-TerminalServices-LocalSessionManager.csv
#
# Example Event Data:
# <Event>
# <System>
#   <Provider Name="Microsoft-Windows-TerminalServices-LocalSessionManager" Guid="{5d896912-022d-40aa-a3a8-4fa5515c76d7}" />
#    <EventID>39</EventID>
#    <Version>0</Version>
#    <Level>4</Level>
#    <Task>0</Task>
#    <Opcode>0</Opcode>
#    <Keywords>0x1000000000000000</Keywords>
#    <TimeCreated SystemTime="2019-05-26T19:34:48.998791400Z" />
#    <EventRecordID>683</EventRecordID>
#    <Correlation ActivityID="{[GUID]}" />
#    <Execution ProcessID="1200" ThreadID="16612" />
#    <Channel>Microsoft-Windows-TerminalServices-LocalSessionManager/Operational</Channel>
#    <Computer>ComputerName</Computer>
#    <Security UserID="S-1-5-18" />
# </System>
# <UserData>
#   <EventXML xmlns="Event_NS">
#     <TargetSession>6</TargetSession>
#     <Source>8</Source>
#   </EventXML>
# </UserData>
# </Event>
