Author: Eric Zimmerman saericzimmerman@gmail.com
Description: RDP Listener received a connection
EventId: 261
Channel: Microsoft-Windows-TerminalServices-RemoteConnectionManager/Operational
Maps: 
  - 
    Property: PayloadData1
    PropertyValue: "%listenerName%"
    Values: 
      - 
        Name: listenerName
        Value: "/Event/UserData/EventXML/listenerName"
 
# Valid properties include:
# UserName
# RemoteHost
# ExecutableInfo --> used for things like process command line, scheduled task, info from service install, etc.
# PayloadData1 through PayloadData6

#	RDP Listener received a connection
#<Event>
#  <System>
#    <Provider Name="Microsoft-Windows-TerminalServices-RemoteConnectionManager" Guid="c76baa63-ae81-421c-b425-340b4b24157f" />
#    <EventID>261</EventID>
#    <Version>0</Version>
#    <Level>4</Level>
#    <Task>0</Task>
#    <Opcode>0</Opcode>
#    <Keywords>0x1000000000000000</Keywords>
#    <TimeCreated SystemTime="2018-11-06 21:45:34.8789297" />
#    <EventRecordID>4</EventRecordID>
#    <Correlation />
#    <Execution ProcessID="812" ThreadID="3416" />
#    <Channel>Microsoft-Windows-TerminalServices-RemoteConnectionManager/Operational</Channel>
#    <Computer>IEWIN7</Computer>
#    <Security UserID="S-1-5-20" />
#  </System>
#  <UserData>
#    <EventXML>
#      <listenerName>RDP-Tcp</listenerName>
#    </EventXML>
#  </UserData>
#</Event>
