Author: Andrew Rathbun
Description: Process creation
EventId: 1
Channel: Microsoft-Windows-Sysmon/Operational
Maps: 
  - 
    Property: ExecutableInfo
    PropertyValue: "%CommandLine%"
    Values: 
      - 
        Name: CommandLine
        Value: "/Event/EventData/Data[@Name=\"CommandLine\"]"
  - 
    Property: PayloadData1
    PropertyValue: "ProcessID: %ProcessID%, ProcessGUID: %ProcessGUID%"
    Values: 
      - 
        Name: ProcessGUID
        Value: "/Event/EventData/Data[@Name=\"ProcessGuid\"]"
      - 
        Name: ProcessID
        Value: "/Event/EventData/Data[@Name=\"ProcessId\"]"
  - 
    Property: PayloadData2
    PropertyValue: "%SHA1%"
    Values: 
      - 
        Name: SHA1
        Value: "/Event/EventData/Data[@Name=\"Hashes\"]"
  - 
    Property: PayloadData3
    PropertyValue: "ParentProcess: %ParentProcess%"
    Values: 
      - 
        Name: ParentProcess
        Value: "/Event/EventData/Data[@Name=\"ParentImage\"]"  
  - 
    Property: PayloadData4
    PropertyValue: "ParentProcessID: %ParentProcessID%, ParentProcessGUID: %ParentProcessGUID%"
    Values: 
      - 
        Name: ParentProcessGUID
        Value: "/Event/EventData/Data[@Name=\"ParentProcessGuid\"]"
      - 
        Name: ParentProcessID
        Value: "/Event/EventData/Data[@Name=\"ParentProcessId\"]"
  - 
    Property: PayloadData5
    PropertyValue: "ParentCommandLine: %ParentCommandLine%"
    Values: 
      - 
        Name: ParentCommandLine
        Value: "/Event/EventData/Data[@Name=\"ParentCommandLine\"]"
  - 
    Property: UserName
    PropertyValue: "Account: %User%"
    Values: 
      - 
        Name: User
        Value: "/Event/EventData/Data[@Name=\"User\"]" 
                            
# Valid properties include:
# UserName
# RemoteHost
# ExecutableInfo --> used for things like process command line, scheduled task, info from service install, etc.
# PayloadData1 through PayloadData6
# Hashes --> SHA1 of the Process that was created. Useful for running through VirusTotal if suspicious. 

#<Event>
#  <System>
#    <Provider Name="Service Control Manager" Guid="{555908d1-a6d7-4695-8e1e-26931d2012f4}" EventSourceName="Service Control Manager" />
#    <EventID Qualifiers="16384">7045</EventID>
#    <Version>0</Version>
#    <Level>4</Level>
#    <Task>0</Task>
#    <Opcode>0</Opcode>
#    <Keywords>0x8080000000000000</Keywords>
#    <TimeCreated SystemTime="2018-05-07 19:24:11.6922354" />
#    <EventRecordID>382</EventRecordID>
#    <Correlation />
#    <Execution ProcessID="620" ThreadID="1196" />
#    <Channel>System</Channel>
#    <Computer>win10-test</Computer>
#    <Security UserID="S-1-5-18" />
#  </System>
#  <EventData>
#    <Data Name="ServiceName">vmxnet3 NDIS 6 Ethernet Adapter Driver</Data>
#    <Data Name="ImagePath">\SystemRoot\System32\drivers\vmxnet3.sys</Data>
#    <Data Name="ServiceType">kernel mode driver</Data>
#    <Data Name="StartType">demand start</Data>
#    <Data Name="AccountName"></Data>
#  </EventData>
#</Event>
#
# https://docs.microsoft.com/en-us/sysinternals/downloads/sysmon for more information