Author: Eric Zimmerman saericzimmerman@gmail.com
Description: RDP Listener received a connection
EventId: 261
Channel: Microsoft-Windows-TerminalServices-RemoteConnectionManager/Operational
Provider: Microsoft-Windows-TerminalServices-RemoteConnectionManager
Maps:
  -
    Property: PayloadData1
    PropertyValue: "%listenerName%"
    Values:
      -
        Name: listenerName
        Value: "/Event/UserData/EventXML/listenerName"

# Documentation:
# https://kb.eventtracker.com/evtpass/evtpages/EventId_261_Microsoft-Windows-TerminalServices-RemoteConnectio_63716.asp
# https://github.com/nasbench/EVTX-ETW-Resources/blob/main/ETWProvidersCSVs/Internal/Microsoft-Windows-TerminalServices-RemoteConnectionManager.csv
#
# Example Event Data:
# <Event>
#  <System>
#    <Provider Name="Microsoft-Windows-TerminalServices-RemoteConnectionManager" Guid="c76baa63-ae81-421c-b425-340b4b24157f" />
#    <EventID>261</EventID>
#    <Version>0</Version>
#    <Level>4</Level>
#    <Task>0</Task>
#    <Opcode>0</Opcode>
#    <Keywords>0x1000000000000000</Keywords>
#    <TimeCreated SystemTime="2018-11-06 21:45:34.8789297" />
#    <EventRecordID>4</EventRecordID>
#    <Correlation />
#    <Execution ProcessID="812" ThreadID="3416" />
#    <Channel>Microsoft-Windows-TerminalServices-RemoteConnectionManager/Operational</Channel>
#    <Computer>IEWIN7</Computer>
#    <Security UserID="S-1-5-20" />
#  </System>
#  <UserData>
#    <EventXML>
#      <listenerName>RDP-Tcp</listenerName>
#    </EventXML>
#  </UserData>
# </Event>
