Author: Troy Larson
Description: Started enumeration of commands for registry key
EventId: 9705
Channel: Microsoft-Windows-Shell-Core/Operational
Provider: Microsoft-Windows-Shell-Core
Maps:
  -
    Property: PayloadData1
    PropertyValue: "%PayloadData1%"
    Values:
      -
        Name: PayloadData1
        Value: "/Event/EventData/Data[@Name=\"KeyName\"]"

# Documentation:
# https://www.geoffchappell.com/notes/windows/shell/events/core.htm
# https://github.com/nasbench/EVTX-ETW-Resources/blob/main/ETWProvidersCSVs/Internal/Microsoft-Windows-Shell-Core.csv
#
# Example Event Data:
# <Event>
#  <System>
#    <Provider Name="Microsoft-Windows-Shell-Core" Guid="30336ed4-e327-447c-9de0-51b652c86108" />
#    <EventID>9705</EventID>
#    <Version>0</Version>
#    <Level>4</Level>
#    <Task>9705</Task>
#    <Opcode>1</Opcode>
#    <Keywords>0x2000000004010000</Keywords>
#    <TimeCreated SystemTime="" />
#    <EventRecordID></EventRecordID>
#    <Correlation />
#    <Execution ProcessID="" ThreadID="" />
#    <Channel>Microsoft-Windows-Shell-Core/Operational</Channel>
#    <Computer></Computer>
#    <Security UserID="" />
#  </System>
#  <EventData>
#    <Data Name="KeyName">Software\Microsoft\Windows\CurrentVersion\Run</Data>
#  </EventData>
# </Event>
