Author: Andrew Rathbun
Description: FileDelete (A file delete was detected)
EventId: 23
Channel: Microsoft-Windows-Sysmon/Operational
Maps: 

  - 
    Property: ExecutableInfo
    PropertyValue: "%Image%"
    Values: 
      - 
        Name: Image
        Value: "/Event/EventData/Data[@Name=\"Image\"]"  
  - 
    Property: PayloadData1
    PropertyValue: "ProcessID: %ProcessID%, ProcessGUID: %ProcessGUID%"
    Values: 
      - 
        Name: ProcessGUID
        Value: "/Event/EventData/Data[@Name=\"ProcessGuid\"]"
      - 
        Name: ProcessID
        Value: "/Event/EventData/Data[@Name=\"ProcessId\"]"
  - 
    Property: PayloadData2
    PropertyValue: "RuleName: %RuleName%"
    Values: 
      - 
        Name: RuleName
        Value: "/Event/EventData/Data[@Name=\"RuleName\"]"
  - 
    Property: PayloadData3
    PropertyValue: "%Hashes%"
    Values: 
      - 
        Name: Hashes
        Value: "/Event/EventData/Data[@Name=\"Hashes\"]"
  - 
    Property: PayloadData4
    PropertyValue: "TargetFilename: %TargetFilename%"
    Values: 
      - 
        Name: TargetFilename
        Value: "/Event/EventData/Data[@Name=\"TargetFilename\"]"
  - 
    Property: PayloadData5
    PropertyValue: "IsExecutable: %IsExecutable%"
    Values: 
      - 
        Name: IsExecutable
        Value: "/Event/EventData/Data[@Name=\"IsExecutable\"]"
  - 
    Property: PayloadData6
    PropertyValue: "Archived: %Archived%"
    Values: 
      - 
        Name: Archived
        Value: "/Event/EventData/Data[@Name=\"Archived\"]"
  - 
    Property: UserName
    PropertyValue: "%User%"
    Values: 
      - 
        Name: User
        Value: "/Event/EventData/Data[@Name=\"User\"]"

# Valid properties include:
# UserName
# RemoteHost
# ExecutableInfo --> used for things like process command line, scheduled task, info from service install, etc.
# PayloadData1 through PayloadData6
# Example XML for this event:
#<Event xmlns="http://schemas.microsoft.com/win/2004/08/events/event">
#  <System>
#    <Provider Name="PowerShell" /> 
#    <EventID Qualifiers="0">400</EventID> 
#    <Level>4</Level> 
#    <Task>6</Task> 
#    <Keywords>0x80000000000000</Keywords> 
#    <TimeCreated SystemTime="2001-01-01T01:01:01.012345678Z" /> 
#    <EventRecordID>18</EventRecordID> 
#    <Channel>Windows PowerShell</Channel> 
#    <Computer>name.domain.tld</Computer> 
#    <Security /> 
#  </System>
#  <EventData>
#    <Data>Available, None, 	NewEngineState=Available
#	PreviousEngineState=None
#
#	SequenceNumber=13
#
#	HostName=ConsoleHost
#	HostVersion=5.1.18362.145
#	HostId=3820a72c-10dc-4989-9388-3d4b6523c35f
#	HostApplication=powershell -nop -w hidden -encodedcommand JAB...(bad command stuff removed)...ADsA
#	EngineVersion=5.1.18362.145
#	RunspaceId=b21e91e8-9068-48ae-ac10-15430944932b
#	PipelineId=
#	CommandName=
#	CommandType=
#	ScriptName=
#	CommandPath=
#	CommandLine=</Data>
#    <Binary></Binary>
#  </EventData>
#</Event>