Author: Eric Zimmerman saericzimmerman@gmail.com
Description: "Remote Desktop Services: Session logoff succeeded"
EventId: 23
Channel: Microsoft-Windows-TerminalServices-LocalSessionManager/Operational
Maps: 
  - 
    Property: UserName
    PropertyValue: "%User%"
    Values: 
      - 
        Name: User
        Value: "/Event/UserData/EventXML/User"
  - 
    Property: PayloadData1
    PropertyValue: "Session ID: %SessionID%"
    Values: 
      - 
        Name: SessionID
        Value: "/Event/UserData/EventXML/SessionID"
        
 
# Valid properties include:
# UserName
# RemoteHost
# ExecutableInfo --> used for things like process command line, scheduled task, info from service install, etc.
# PayloadData1 through PayloadData6

#<Event>
#  <System>
#    <Provider Name="Microsoft-Windows-TerminalServices-LocalSessionManager" Guid="5d896912-022d-40aa-a3a8-4fa5515c76d7" />
#    <EventID>23</EventID>
#    <Version>0</Version>
#    <Level>4</Level>
#    <Task>0</Task>
#    <Opcode>0</Opcode>
#    <Keywords>0x1000000000000000</Keywords>
#    <TimeCreated SystemTime="2018-05-04 22:16:46.6637943" />
#    <EventRecordID>48</EventRecordID>
#    <Correlation ActivityID="61a55000-55e5-1017-0000-000000000000" />
#    <Execution ProcessID="100" ThreadID="4632" />
#    <Channel>Microsoft-Windows-TerminalServices-LocalSessionManager/Operational</Channel>
#    <Computer>win10-test</Computer>
#    <Security UserID="S-1-5-18" />
#  </System>
#  <UserData>
#    <EventXML>
#      <User>WIN10-TEST\Administrator</User>
#      <SessionID>1</SessionID>
#    </EventXML>
#  </UserData>
#</Event>