Author: Gabriele Zambelli @gazambelli
Description: "RDP (outgoing connection)"
EventId: 1029
Channel: Microsoft-Windows-TerminalServices-RDPClient/Operational
Provider: Microsoft-Windows-TerminalServices-ClientActiveXCore
Maps: 
  - 
    Property: PayloadData1
    PropertyValue: "Target (encoded): %Base64RDPUsernameHash%"
    Values: 
      - 
        Name: Base64RDPUsernameHash
        Value: "/Event/EventData/Data[@Name=\"TraceMessage\"]"
        Refine: "^[A-Za-z0-9+/=]*"
  - 
    Property: PayloadData6
    PropertyValue: "ActivityID: %ActivityID%"
    Values: 
      - 
        Name: ActivityID
        Value: "/Event/System/Correlation/@ActivityID"

# Valid properties include:
# UserName
# RemoteHost
# ExecutableInfo --> used for things like process command line, scheduled task, info from service install, etc.
# PayloadData1 through PayloadData6

# Reference: 
#  - Windows Event ID 1029 Hashes: https://nullsec.us/windows-event-id-1029-hashes/
#
# CyberChef recipes to calculate the same encoded value from a known username
#   Windows 7 : Base64(SHA1(UserName))
#    - https://gchq.github.io/CyberChef/#recipe=Decode_text('UTF-8%20(65001)')Encode_text('UTF-16LE%20(1200)')SHA1()From_Hex('Space')To_Base64('A-Za-z0-9%2B/%3D')
#   Windows 10: Base64(SHA256(UserName))
#    - https://gchq.github.io/CyberChef/#recipe=Decode_text('UTF-8%20(65001)')Encode_text('UTF-16LE%20(1200)')SHA2('256')From_Hex('Space')To_Base64('A-Za-z0-9%2B/%3D')

# <Event>
  # <System>
    # <Provider Name="Microsoft-Windows-TerminalServices-ClientActiveXCore" Guid="28aa95bb-d444-4719-a36f-40462168127e" />
    # <EventID>1029</EventID>
    # <Version>0</Version>
    # <Level>4</Level>
    # <Task>101</Task>
    # <Opcode>10</Opcode>
    # <Keywords>0x4000000000000000</Keywords>
    # <TimeCreated SystemTime="2020-11-28 10:17:20.4692527" />
    # <EventRecordID>7</EventRecordID>
    # <Correlation ActivityID="cd839c41-3564-4fb9-afdd-e4b3abba0000" />
    # <Execution ProcessID="2988" ThreadID="1068" />
    # <Channel>Microsoft-Windows-TerminalServices-RDPClient/Operational</Channel>
    # <Computer>IEWIN7</Computer>
    # <Security UserID="S-1-5-21-3583694148-1414552638-2922671848-1000" />
  # </System>
  # <EventData>
    # <Data Name="TraceMessage">q2iIC1HjphTQfGcYqIwX0kR5WjQ=-</Data>
  # </EventData>
# </Event>

