Author: Troy Larson
Description: RunOnceEx commands finished
EventId: 9702
Channel: Microsoft-Windows-Shell-Core/Operational
Provider: Microsoft-Windows-Shell-Core
Maps:
  -
    Property: PayloadData1
    PropertyValue: "%PayloadData1%"
    Values:
      -
        Name: PayloadData1
        Value: "/Event/EventData/Data"

# Documentation:
# https://www.geoffchappell.com/notes/windows/shell/events/core.htm
# https://github.com/nasbench/EVTX-ETW-Resources/blob/main/ETWProvidersCSVs/Internal/Microsoft-Windows-Shell-Core.csv
#
# Example Event Data:
# <Event>
#  <System>
#    <Provider Name="Microsoft-Windows-Shell-Core" Guid="30336ed4-e327-447c-9de0-51b652c86108" />
#    <EventID>9702</EventID>
#    <Version>0</Version>
#    <Level>4</Level>
#    <Task>9701</Task>
#    <Opcode>2</Opcode>
#    <Keywords></Keywords>
#    <TimeCreated SystemTime="" />
#    <EventRecordID></EventRecordID>
#    <Correlation />
#    <Execution ProcessID="" ThreadID="" />
#    <Channel>Microsoft-Windows-Shell-Core/Operational</Channel>
#    <Computer></Computer>
#    <Security UserID="" />
#  </System>
#  <EventData></EventData>
# </Event>
