Author: Eric Zimmerman saericzimmerman@gmail.com
Description: Successful logon
EventId: 4624
Channel: Security
Maps: 
  - 
    Property: Username
    PropertyValue: "%domain%\\%user%"
    Values: 
      - 
        Name: domain
        Value: "/Event/EventData/Data[@Name=\"SubjectDomainName\"]"
      - 
        Name: user
        Value: "/Event/EventData/Data[@Name=\"SubjectUserName\"]"
  - 
    Property: RemoteHost
    PropertyValue: "%workstation% (%ipAddress%)"
    Values: 
      - 
        Name: ipAddress
        Value: "/Event/EventData/Data[@Name=\"IpAddress\"]"
      - 
        Name: workstation
        Value: "/Event/EventData/Data[@Name=\"WorkstationName\"]"
  - 
    Property: PayloadData1
    PropertyValue: "Target: %TargetDomainName%\\%TargetUserName%"
    Values: 
      - 
        Name: TargetDomainName
        Value: "/Event/EventData/Data[@Name=\"TargetDomainName\"]"
      - 
        Name: TargetUserName
        Value: "/Event/EventData/Data[@Name=\"TargetUserName\"]"
  - 
    Property: PayloadData2
    PropertyValue: LogonType %LogonType%
    Values: 
      - 
        Name: LogonType
        Value: "/Event/EventData/Data[@Name=\"LogonType\"]"
  - 
    Property: ExecutableInfo
    PropertyValue: "%ProcessName%"
    Values: 
      - 
        Name: ProcessName
        Value: "/Event/EventData/Data[@Name=\"ProcessName\"]"

# Valid properties include:
# UserName
# RemoteHost
# ExecutableInfo --> used for things like process command line, scheduled task, info from service install, etc.
# PayloadData1 through PayloadData6

# Example payload data
# <Event>
#   <System>
#     <Provider Name="Microsoft-Windows-Security-Auditing" Guid="54849625-5478-4994-a5ba-3e3b0328c30d" />
#     <EventID>4624</EventID>
#     <Version>2</Version>
#     <Level>0</Level>
#     <Task>12544</Task>
#     <Opcode>0</Opcode>
#     <Keywords>0x8020000000000000</Keywords>
#     <TimeCreated SystemTime="2018-09-06 20:26:07.9341912" />
#     <EventRecordID>57241</EventRecordID>
#     <Correlation />
#     <Execution ProcessID="776" ThreadID="780" />
#     <Channel>Security</Channel>
#     <Computer>base-rd-01.shieldbase.lan</Computer>
#     <Security />
#   </System>
#   <EventData>
#     <Data Name="SubjectUserSid">S-1-0-0</Data>
#     <Data Name="SubjectUserName">-</Data>
#     <Data Name="SubjectDomainName">-</Data>
#     <Data Name="SubjectLogonId">0x0</Data>
#     <Data Name="TargetUserSid">S-1-5-18</Data>
#     <Data Name="TargetUserName">SYSTEM</Data>
#     <Data Name="TargetDomainName">NT AUTHORITY</Data>
#     <Data Name="TargetLogonId">0x3E7</Data>
#     <Data Name="LogonType">0</Data>
#     <Data Name="LogonProcessName">-</Data>
#     <Data Name="AuthenticationPackageName">-</Data>
#     <Data Name="WorkstationName">-</Data>
#     <Data Name="LogonGuid">00000000-0000-0000-0000-000000000000</Data>
#     <Data Name="TransmittedServices">-</Data>
#     <Data Name="LmPackageName">-</Data>
#     <Data Name="KeyLength">0</Data>
#     <Data Name="ProcessId">0x4</Data>
#     <Data Name="ProcessName"></Data>
#     <Data Name="IpAddress">-</Data>
#     <Data Name="IpPort">-</Data>
#     <Data Name="ImpersonationLevel">-</Data>
#     <Data Name="RestrictedAdminMode">-</Data>
#     <Data Name="TargetOutboundUserName">-</Data>
#     <Data Name="TargetOutboundDomainName">-</Data>
#     <Data Name="VirtualAccount">%%1843</Data>
#     <Data Name="TargetLinkedLogonId">0x0</Data>
#     <Data Name="ElevatedToken">%%1842</Data>
#   </EventData>
# </Event>