Author: Andrew Rathbun
Description: A directory service object was deleted
EventId: 5141
Channel: Security
Provider: Microsoft-Windows-Security-Auditing
Maps:
  -
    Property: UserName
    PropertyValue: "%domain%\\%user%"
    Values:
      -
        Name: domain
        Value: "/Event/EventData/Data[@Name=\"SubjectDomainName\"]"
      -
        Name: user
        Value: "/Event/EventData/Data[@Name=\"SubjectUserName\"]"
  -
    Property: PayloadData1
    PropertyValue: "DSName: %DSName%"
    Values:
      -
        Name: DSName
        Value: "/Event/EventData/Data[@Name=\"DSName\"]"
  -
    Property: PayloadData2
    PropertyValue: "ObjectDN: %ObjectDN%"
    Values:
      -
        Name: ObjectDN
        Value: "/Event/EventData/Data[@Name=\"ObjectDN\"]"
  -
    Property: PayloadData3
    PropertyValue: "ObjectClass: %ObjectClass%"
    Values:
      -
        Name: ObjectClass
        Value: "/Event/EventData/Data[@Name=\"ObjectClass\"]"

# Documentation:
# https://www.ultimatewindowssecurity.com/securitylog/encyclopedia/event.aspx?eventid=5141
# https://docs.microsoft.com/en-us/windows/security/threat-protection/auditing/event-5141
# https://github.com/nasbench/EVTX-ETW-Resources/blob/main/ETWProvidersCSVs/Internal/Microsoft-Windows-Security-Auditing.csv
#
# Example Event Data:
# - <Event xmlns="http://schemas.microsoft.com/win/2004/08/events/event">
# <System>
# <Provider Name="Microsoft-Windows-Security-Auditing" Guid="{54849625-5478-4994-A5BA-3E3B0328C30D}" />
# <EventID>5141</EventID>
# <Version>0</Version>
# <Level>0</Level>
# <Task>14081</Task>
# <Opcode>0</Opcode>
# <Keywords>0x8020000000000000</Keywords>
# <TimeCreated SystemTime="2015-08-28T18:48:06.792762900Z" />
# <EventRecordID>411118</EventRecordID>
# <Correlation />
# <Execution ProcessID="516" ThreadID="4092" />
# <Channel>Security</Channel>
# <Computer>DC01.contoso.local</Computer>
# <Security />
# </System>
# <EventData>
# <Data Name="OpCorrelationID">{C8A9000C-C618-4EE9-87FF-F852C0564F18}</Data>
# <Data Name="AppCorrelationID">-</Data>
# <Data Name="SubjectUserSid">S-1-5-21-3457937927-2839227994-823803824-1104</Data>
# <Data Name="SubjectUserName">dadmin</Data>
# <Data Name="SubjectDomainName">CONTOSO</Data>
# <Data Name="SubjectLogonId">0x32004</Data>
# <Data Name="DSName">contoso.local</Data>
# <Data Name="DSType">%%14676</Data>
# <Data Name="ObjectDN">CN=WIN2003,CN=Users,DC=contoso,DC=local</Data>
# <Data Name="ObjectGUID">{CA15B875-AFB1-4E5A-86B2-96E61DE09110}</Data>
# <Data Name="ObjectClass">computer</Data>
# <Data Name="TreeDelete">%%14679</Data>
# </EventData>
# </Event>
