Author: Phill Moore
Description: Splashtop session disconnected
EventId: 1001
Channel: Splashtop-Splashtop Streamer-Remote Session/Operational
Provider: Splashtop-Splashtop Streamer-Remote Session
Maps:
  -
    Property: PayloadData1
    PropertyValue: "Duration: %duration%"
    Values:
      -
        Name: duration
        Value: "/Event/EventData/Data[@Name=\"Duration_Time\"]"
  -
    Property: PayloadData2
    PropertyValue: "SessionID: %SessionID%"
    Values:
      -
        Name: SessionID
        Value: "/Event/EventData/Data[@Name=\"Session_ID\"]"
  -
    Property: PayloadData3
    PropertyValue: "Product version: %Version_number%"
    Values:
      -
        Name: Version_number
        Value: "/Event/EventData/Data[@Name=\"Version_number\"]"

# Documentation
# https://github.com/nasbench/EVTX-ETW-Resources/blob/main/ETWProvidersCSVs/ThirdParty/Splashtop-Splashtop%20Business%20app-Remote%20Session.csv
#
# Event Schema
# ]]></Template>
#             </Event>
#             <Event>
#                 <Id>1001</Id>
#                 <Version>0</Version>
#                 <Channel>Splashtop-Splashtop Streamer-Remote Session/Operational</Channel>
#                 <Level>Information</Level>
#                 <Message><![CDATA[
# The Splashtop remote session (%1) has ended. The remote session lasted %2.
#
# App version: %3]]></Message>
#                 <Template><![CDATA[
# <template xmlns="http://schemas.microsoft.com/win/2004/08/events">
#
#   <data name="Session_ID" inType="win:UnicodeString" outType="xs:string"/>
#
#   <data name="Duration_Time" inType="win:UnicodeString" outType="xs:string"/>
#
#   <data name="Version_number" inType="win:UnicodeString" outType="xs:string"/>
#
# </template>
#
#
# Example Event Data:
# <Event>
#  <System>
#    <Provider Name="Splashtop-Splashtop Streamer-Remote Session" Guid="66a2ea53-fc6c-42e5-9176-18749ab2ca11" />
#    <EventID>1001</EventID>
#    <Version>0</Version>
#    <Level>4</Level>
#    <Task>0</Task>
#    <Opcode>0</Opcode>
#    <Keywords>0x8000000000000000</Keywords>
#    <TimeCreated SystemTime="2001-11-12 21:18:55.4183505" />
#    <EventRecordID>2</EventRecordID>
#    <Correlation />
#    <Execution ProcessID="3884" ThreadID="1896" />
#    <Channel>Splashtop-Splashtop Streamer-Remote Session/Operational</Channel>
#    <Computer>HOSTNAME</Computer>
#    <Security UserID="S-1-5-18" />
#  </System>
#  <EventData>
#    <Data Name="Session_ID">12345</Data>
#    <Data Name="Duration_Time">00:00:07</Data>
#    <Data Name="Version_number">3.4.4.0</Data>
#  </EventData>
# </Event>
