Author: Phill Moore
Description: Splashtop session connected
EventId: 1000
Channel: Splashtop-Splashtop Streamer-Remote Session/Operational
Provider: Splashtop-Splashtop Streamer-Remote Session
Maps:
  -
    Property: PayloadData1
    PropertyValue: "SPID: %SPID% - SRC Name: %SRC_Name%"
    Values:
      -
        Name: SPID
        Value: "/Event/EventData/Data[@Name=\"SPID\"]"
      -
        Name: SRC_Name
        Value: "/Event/EventData/Data[@Name=\"SRC_Name\"]"
  -
    Property: PayloadData2
    PropertyValue: "SessionID: %SessionID%"
    Values:
      -
        Name: SessionID
        Value: "/Event/EventData/Data[@Name=\"Session_ID\"]"
  -
    Property: PayloadData3
    PropertyValue: "Product version: %Version_number%"
    Values:
      -
        Name: Version_number
        Value: "/Event/EventData/Data[@Name=\"Version_number\"]"

# Documentation
# https://github.com/nasbench/EVTX-ETW-Resources/blob/main/ETWProvidersCSVs/ThirdParty/Splashtop-Splashtop%20Business%20app-Remote%20Session.csv
#
# Event Schema
# <Providers>
#     <Provider>
#         <Name>Splashtop-Splashtop Streamer-Remote Session</Name>
#         <Metadata>
#             <Guid>{66A2EA53-FC6C-42E5-9176-18749AB2CA11}</Guid>
#             <ResourceFilePath>C:\ProgramData\Splashtop\Common\Event\stevt_srs.dll</ResourceFilePath>
#             <ParameterFilePath></ParameterFilePath>
#             <MessageFilePath>C:\ProgramData\Splashtop\Common\Event\stevt_srs.dll</MessageFilePath>
#             <HelpLink></HelpLink>
#             <PublisherMessage>Splashtop-Splashtop Streamer-Remote Session</PublisherMessage>
#             <Channels>
#                 <Channel>
#                     <Message></Message>
#                     <Path>Splashtop-Splashtop Streamer-Remote Session/Operational</Path>
#                     <Index>0</Index>
#                     <Id>16</Id>
#                     <Imported>false</Imported>
#                 </Channel>
#             </Channels>
#             <Levels>
#                 <Level>
#                     <Message>Information</Message>
#                     <Name>win:Informational</Name>
#                     <Value>4</Value>
#                 </Level>
#             </Levels>
#             <Tasks>
#             </Tasks>
#             <Opcodes>
#             </Opcodes>
#             <Keywords>
#             </Keywords>
#         </Metadata>
#         <EventMetadata>
#             <Event>
#                 <Id>1000</Id>
#                 <Version>0</Version>
#                 <Channel>Splashtop-Splashtop Streamer-Remote Session/Operational</Channel>
#                 <Level>Information</Level>
#                 <Message><![CDATA[
# A Splashtop remote session (%1) has started to this computer by %2 from the device %3.
#
# App version: %4]]></Message>
#                 <Template><![CDATA[
# <template xmlns="http://schemas.microsoft.com/win/2004/08/events">
#
#   <data name="Session_ID" inType="win:UnicodeString" outType="xs:string"/>
#
#   <data name="SPID" inType="win:UnicodeString" outType="xs:string"/>
#
#   <data name="SRC_Name" inType="win:UnicodeString" outType="xs:string"/>
#
#   <data name="Version_number" inType="win:UnicodeString" outType="xs:string"/>
#
# </template>
#
#
# Example Event Data:
# <Event>
#  <System>
#    <Provider Name="Splashtop-Splashtop Streamer-Remote Session" Guid="66a2ea53-fc6c-42e5-9176-18749ab2ca11" />
#    <EventID>1000</EventID>
#    <Version>0</Version>
#    <Level>4</Level>
#    <Task>0</Task>
#    <Opcode>0</Opcode>
#    <Keywords>0x8000000000000000</Keywords>
#    <TimeCreated SystemTime="2021-03-11 21:18:52.6891739" />
#    <EventRecordID>1</EventRecordID>
#    <Correlation />
#    <Execution ProcessID="3884" ThreadID="5708" />
#    <Channel>Splashtop-Splashtop Streamer-Remote Session/Operational</Channel>
#    <Computer>COMPUTERNAME</Computer>
#    <Security UserID="S-1-5-18" />
#  </System>
#  <EventData>
#    <Data Name="Session_ID">671410472</Data>
#    <Data Name="SPID">aa@aaaa.com</Data>
#    <Data Name="SRC_Name">source name</Data>
#    <Data Name="Version_number">3.4.4.0</Data>
#  </EventData>
# </Event>
