Author: Andrew Rathbun
Description: Symantec Endpoint Protection client is online and able to access the management server
EventId: 202
Channel: "Symantec Endpoint Protection Client"
Provider: "Symantec Endpoint Protection Client"
Maps:
  -
    Property: PayloadData1
    PropertyValue: "%PayloadData1%"
    Values:
      -
        Name: PayloadData1
        Value: "/Event/EventData/Data"

# Documentation:
# https://knowledge.broadcom.com/external/article/156288/symantec-endpoint-protection-121x-event.html
#
# <Event>
#  <System>
#    <Provider Name="Symantec Endpoint Protection Client" />
#    <EventID Qualifiers="0">202</EventID>
#    <Level>4</Level>
#    <Task>1</Task>
#    <Keywords>0x80000000000000</Keywords>
#    <TimeCreated SystemTime="2020-06-20 02:08:50.0000000" />
#    <EventRecordID>43376</EventRecordID>
#    <Channel>Symantec Endpoint Protection Client</Channel>
#    <Computer>HOSTNAME.domain</Computer>
#    <Security />
#  </System>
#  <EventData>
#     <Data>Content installed successfully on the client
#
# Product: SEPC Iron Revocation List 14.0
# Version: MicroDefsB.CurDefs
# Language: SymAllLanguages
# Moniker: {810D5A61-809F-49c2-BD75-177F0647D2BA}
# Sequence: 200613034
# Publish Date: Saturday, June 13, 2020
# Revision: 034
# </Data>
#    <Binary></Binary>
#  </EventData>
# </Event>
