Author: Andrew Rathbun
Description: Configuration changed
EventId: 12
Channel: "Symantec Endpoint Protection Client"
Provider: "Symantec Endpoint Protection Client"
Maps:
  -
    Property: PayloadData1
    PropertyValue: "%PayloadData1%"
    Values:
      -
        Name: PayloadData1
        Value: "/Event/EventData/Data"

# Documentation:
# https://knowledge.broadcom.com/external/article/156288/symantec-endpoint-protection-121x-event.html
#
# <Event>
#   <System>
#     <Provider Name="Symantec Endpoint Protection Client" />
#     <EventID Qualifiers="16639">12</EventID>
#     <Level>4</Level>
#     <Task>0</Task>
#     <Keywords>0x80000000000000</Keywords>
#     <TimeCreated SystemTime="2021-02-12 04:33:35.0000000" />
#     <EventRecordID>49724</EventRecordID>
#     <Channel>Symantec Endpoint Protection Client</Channel>
#     <Computer>HOSTNAME.domain</Computer>
#     <Security />
#   </System>
#   <EventData>
#     <Data>
#
# Changed value 'HKLM\Software\Wow6432Node\Symantec\Symantec Endpoint Protection\AV\AdministratorOnly\Security\UseScanNetDrivePassword' from '0' to '1'</Data>
#     <Binary></Binary>
#   </EventData>
# </Event>
