Author: Andrew Rathbun
Description: Symantec Endpoint Protection client is unable to connect to the management server
EventId: 101
Channel: "Symantec Endpoint Protection Client"
Provider: "Symantec Endpoint Protection Client"
Maps:
  -
    Property: PayloadData1
    PropertyValue: "%PayloadData1%"
    Values:
      -
        Name: PayloadData1
        Value: "/Event/EventData/Data"

# Documentation:
# https://knowledge.broadcom.com/external/article/156288/symantec-endpoint-protection-121x-event.html
#
# <Event>
#  <System>
#    <Provider Name="Symantec Endpoint Protection Client" />
#    <EventID Qualifiers="0">101</EventID>
#    <Level>4</Level>
#    <Task>1</Task>
#    <Keywords>0x80000000000000</Keywords>
#    <TimeCreated SystemTime="2020-06-20 02:08:50.0000000" />
#    <EventRecordID>43376</EventRecordID>
#    <Channel>Symantec Endpoint Protection Client</Channel>
#    <Computer>HOSTNAME.domain</Computer>
#    <Security />
#  </System>
#  <EventData>
#    <Data>Symantec Endpoint Protection client is unable to connect to the management server.</Data>
#    <Binary></Binary>
#  </EventData>
# </Event>
