Author: Hyun Yi @hyuunnn
Description: Unexpected system shutdown
EventId: 6008
Channel: System
Provider: EventLog
Maps:
  -
    Property: PayloadData1
    PropertyValue: "Time, Date : %Data%"
    Values:
      -
        Name: Data
        Value: "/Event/EventData/Data"
        
# Valid properties include:
# UserName
# RemoteHost
# ExecutableInfo --> used for things like process command line, scheduled task, info from service install, etc.
# PayloadData1 through PayloadData6
#
# <Event xmlns="http://schemas.microsoft.com/win/2004/08/events/event">
#   <System>
#     <Provider Name="EventLog" /> 
#     <EventID Qualifiers="32768">6008</EventID> 
#     <Version>0</Version> 
#     <Level>2</Level> 
#     <Task>0</Task> 
#     <Opcode>0</Opcode> 
#     <Keywords>0x80000000000000</Keywords> 
#     <TimeCreated SystemTime="2020-11-14T00:54:37.9394794Z" /> 
#     <EventRecordID>6329</EventRecordID> 
#     <Correlation /> 
#     <Execution ProcessID="0" ThreadID="0" /> 
#     <Channel>System</Channel> 
#     <Computer>Computer</Computer> 
#     <Security /> 
#   </System>
#   <EventData>
#     <Data>PM 3:32:54</Data> 
#     <Data>‎2020-‎11-‎13</Data> 
#     <Data /> 
#     <Data /> 
#     <Data>520643</Data> 
#     <Data /> 
#     <Data /> 
#     <Binary>{Binary}</Binary> 
#   </EventData>
# </Event>